
> sushifest@0.1.0 build
> next build

node.exe :  ÔÜá Warning: Next.js inferred your workspace root, but it may not be correct.
En línea: 1 Carácter: 1
+ & "C:\Program Files\nodejs/node.exe" "C:\Users\Waiha\AppData\Roaming\ ...
+ ~~~~~~~~~~~~~~~~~~~~~~~~~~~~~~~~~~~~~~~~~~~~~~~~~~~~~~~~~~~~~~~~~~~~~
    + CategoryInfo          : NotSpecified: ( ÔÜá Warning: N...not be correct.:String) [] 
   , RemoteException
    + FullyQualifiedErrorId : NativeCommandError
 
 We detected multiple lockfiles and selected the directory of 
C:\Users\Waiha\package-lock.json as the root directory.
 To silence this warning, set `outputFileTracingRoot` in your Next.js config, or consider 
removing one of the lockfiles if it's not needed.
   See https://nextjs.org/docs/app/api-reference/config/next-config-js/output#caveats for 
more information.
 Detected additional lockfiles: 
   * C:\Users\Waiha\.gemini\antigravity\EpicMarketing\sushifest\package-lock.json

   Ôû▓ Next.js 15.5.13

   Creating an optimized production build ...
 Ô£ô Compiled successfully in 10.8s
   Linting and checking validity of types ...

Failed to compile.

./src/actions/admin.ts
261:19  Warning: '_' is defined but never used.  @typescript-eslint/no-unused-vars

./src/actions/vote.ts
6:10  Warning: 'headers' is defined but never used.  @typescript-eslint/no-unused-vars

./src/app/cupon/page.tsx
32:13  Error: Error: Calling setState synchronously within an effect can trigger 
cascading renders

Effects are intended to synchronize state between React and external systems such as 
manually updating the DOM, state management libraries, or other platform APIs. In 
general, the body of an effect should do one or both of the following:
* Update external systems with the latest state from React.
* Subscribe for updates from some external system, calling setState in a callback 
function when external state changes.

Calling setState synchronously within an effect body causes cascading renders that can 
hurt performance, and is not recommended. 
(https://react.dev/learn/you-might-not-need-an-effect).

C:\Users\Waiha\.gemini\antigravity\EpicMarketing\sushifest\src\app\cupon\page.tsx:32:13
  30 |             return () => clearTimeout(timer);
  31 |         } else if (user) {
> 32 |             fetchCoupon();
     |             ^^^^^^^^^^^ Avoid calling setState() directly within an effect
  33 |         }
  34 |     }, [user, authLoading]);
  35 |  react-hooks/set-state-in-effect
34:8  Warning: React Hook useEffect has a missing dependency: 'fetchCoupon'. Either 
include it or remove the dependency array.  react-hooks/exhaustive-deps

./src/app/ranking/page.tsx
4:10  Warning: 'redirect' is defined but never used.  @typescript-eslint/no-unused-vars
8:18  Warning: 'ChevronLeft' is defined but never used.  @typescript-eslint/no-unused-vars

./src/app/restaurante/page.tsx
4:10  Warning: 'motion' is defined but never used.  @typescript-eslint/no-unused-vars

./src/components/AdminDashboard.tsx
8:35  Warning: 'Save' is defined but never used.  @typescript-eslint/no-unused-vars

./src/components/AdminLogin.tsx
27:18  Warning: 'err' is defined but never used.  @typescript-eslint/no-unused-vars

./src/components/AuthModal.tsx
55:18  Warning: 'err' is defined but never used.  @typescript-eslint/no-unused-vars

./src/components/RatingModal.tsx
4:18  Warning: 'AnimatePresence' is defined but never used.  
@typescript-eslint/no-unused-vars
6:10  Warning: 'Button' is defined but never used.  @typescript-eslint/no-unused-vars
19:13  Warning: 'user' is assigned a value but never used.  
@typescript-eslint/no-unused-vars

./src/components/ShareModal.tsx
6:13  Warning: 'Download' is defined but never used.  @typescript-eslint/no-unused-vars
64:30  Warning: 'e' is defined but never used.  @typescript-eslint/no-unused-vars

./src/context/AuthContext.tsx
33:23  Warning: 'error' is assigned a value but never used.  
@typescript-eslint/no-unused-vars
61:23  Warning: 'error' is assigned a value but never used.  
@typescript-eslint/no-unused-vars

info  - Need to disable some ESLint rules? Learn more here: 
https://nextjs.org/docs/app/api-reference/config/eslint#disabling-rules
